Archive member included to satisfy reference by file (symbol)

C:/ST/STM32CubeIDE_1.14.1/STM32CubeIDE/plugins/com.st.stm32cube.ide.mcu.externaltools.gnu-tools-for-stm32.11.3.rel1.win32_1.1.100.202309141235/tools/bin/../lib/gcc/arm-none-eabi/11.3.1/../../../../arm-none-eabi/lib/thumb/v7e-m+fp/hard\libc_nano.a(libc_a-exit.o)
                              C:/ST/STM32CubeIDE_1.14.1/STM32CubeIDE/plugins/com.st.stm32cube.ide.mcu.externaltools.gnu-tools-for-stm32.11.3.rel1.win32_1.1.100.202309141235/tools/bin/../lib/gcc/arm-none-eabi/11.3.1/../../../../arm-none-eabi/lib/thumb/v7e-m+fp/hard/crt0.o (exit)
C:/ST/STM32CubeIDE_1.14.1/STM32CubeIDE/plugins/com.st.stm32cube.ide.mcu.externaltools.gnu-tools-for-stm32.11.3.rel1.win32_1.1.100.202309141235/tools/bin/../lib/gcc/arm-none-eabi/11.3.1/../../../../arm-none-eabi/lib/thumb/v7e-m+fp/hard\libc_nano.a(libc_a-findfp.o)
                              C:/ST/STM32CubeIDE_1.14.1/STM32CubeIDE/plugins/com.st.stm32cube.ide.mcu.externaltools.gnu-tools-for-stm32.11.3.rel1.win32_1.1.100.202309141235/tools/bin/../lib/gcc/arm-none-eabi/11.3.1/../../../../arm-none-eabi/lib/thumb/v7e-m+fp/hard\libc_nano.a(libc_a-exit.o) (__stdio_exit_handler)
C:/ST/STM32CubeIDE_1.14.1/STM32CubeIDE/plugins/com.st.stm32cube.ide.mcu.externaltools.gnu-tools-for-stm32.11.3.rel1.win32_1.1.100.202309141235/tools/bin/../lib/gcc/arm-none-eabi/11.3.1/../../../../arm-none-eabi/lib/thumb/v7e-m+fp/hard\libc_nano.a(libc_a-fwalk.o)
                              C:/ST/STM32CubeIDE_1.14.1/STM32CubeIDE/plugins/com.st.stm32cube.ide.mcu.externaltools.gnu-tools-for-stm32.11.3.rel1.win32_1.1.100.202309141235/tools/bin/../lib/gcc/arm-none-eabi/11.3.1/../../../../arm-none-eabi/lib/thumb/v7e-m+fp/hard\libc_nano.a(libc_a-findfp.o) (_fwalk_sglue)
C:/ST/STM32CubeIDE_1.14.1/STM32CubeIDE/plugins/com.st.stm32cube.ide.mcu.externaltools.gnu-tools-for-stm32.11.3.rel1.win32_1.1.100.202309141235/tools/bin/../lib/gcc/arm-none-eabi/11.3.1/../../../../arm-none-eabi/lib/thumb/v7e-m+fp/hard\libc_nano.a(libc_a-stdio.o)
                              C:/ST/STM32CubeIDE_1.14.1/STM32CubeIDE/plugins/com.st.stm32cube.ide.mcu.externaltools.gnu-tools-for-stm32.11.3.rel1.win32_1.1.100.202309141235/tools/bin/../lib/gcc/arm-none-eabi/11.3.1/../../../../arm-none-eabi/lib/thumb/v7e-m+fp/hard\libc_nano.a(libc_a-findfp.o) (__sread)
C:/ST/STM32CubeIDE_1.14.1/STM32CubeIDE/plugins/com.st.stm32cube.ide.mcu.externaltools.gnu-tools-for-stm32.11.3.rel1.win32_1.1.100.202309141235/tools/bin/../lib/gcc/arm-none-eabi/11.3.1/../../../../arm-none-eabi/lib/thumb/v7e-m+fp/hard\libc_nano.a(libc_a-memset.o)
                              C:/ST/STM32CubeIDE_1.14.1/STM32CubeIDE/plugins/com.st.stm32cube.ide.mcu.externaltools.gnu-tools-for-stm32.11.3.rel1.win32_1.1.100.202309141235/tools/bin/../lib/gcc/arm-none-eabi/11.3.1/../../../../arm-none-eabi/lib/thumb/v7e-m+fp/hard/crt0.o (memset)
C:/ST/STM32CubeIDE_1.14.1/STM32CubeIDE/plugins/com.st.stm32cube.ide.mcu.externaltools.gnu-tools-for-stm32.11.3.rel1.win32_1.1.100.202309141235/tools/bin/../lib/gcc/arm-none-eabi/11.3.1/../../../../arm-none-eabi/lib/thumb/v7e-m+fp/hard\libc_nano.a(libc_a-closer.o)
                              C:/ST/STM32CubeIDE_1.14.1/STM32CubeIDE/plugins/com.st.stm32cube.ide.mcu.externaltools.gnu-tools-for-stm32.11.3.rel1.win32_1.1.100.202309141235/tools/bin/../lib/gcc/arm-none-eabi/11.3.1/../../../../arm-none-eabi/lib/thumb/v7e-m+fp/hard\libc_nano.a(libc_a-stdio.o) (_close_r)
C:/ST/STM32CubeIDE_1.14.1/STM32CubeIDE/plugins/com.st.stm32cube.ide.mcu.externaltools.gnu-tools-for-stm32.11.3.rel1.win32_1.1.100.202309141235/tools/bin/../lib/gcc/arm-none-eabi/11.3.1/../../../../arm-none-eabi/lib/thumb/v7e-m+fp/hard\libc_nano.a(libc_a-reent.o)
                              C:/ST/STM32CubeIDE_1.14.1/STM32CubeIDE/plugins/com.st.stm32cube.ide.mcu.externaltools.gnu-tools-for-stm32.11.3.rel1.win32_1.1.100.202309141235/tools/bin/../lib/gcc/arm-none-eabi/11.3.1/../../../../arm-none-eabi/lib/thumb/v7e-m+fp/hard\libc_nano.a(libc_a-closer.o) (errno)
C:/ST/STM32CubeIDE_1.14.1/STM32CubeIDE/plugins/com.st.stm32cube.ide.mcu.externaltools.gnu-tools-for-stm32.11.3.rel1.win32_1.1.100.202309141235/tools/bin/../lib/gcc/arm-none-eabi/11.3.1/../../../../arm-none-eabi/lib/thumb/v7e-m+fp/hard\libc_nano.a(libc_a-impure.o)
                              C:/ST/STM32CubeIDE_1.14.1/STM32CubeIDE/plugins/com.st.stm32cube.ide.mcu.externaltools.gnu-tools-for-stm32.11.3.rel1.win32_1.1.100.202309141235/tools/bin/../lib/gcc/arm-none-eabi/11.3.1/../../../../arm-none-eabi/lib/thumb/v7e-m+fp/hard\libc_nano.a(libc_a-reent.o) (_impure_ptr)
C:/ST/STM32CubeIDE_1.14.1/STM32CubeIDE/plugins/com.st.stm32cube.ide.mcu.externaltools.gnu-tools-for-stm32.11.3.rel1.win32_1.1.100.202309141235/tools/bin/../lib/gcc/arm-none-eabi/11.3.1/../../../../arm-none-eabi/lib/thumb/v7e-m+fp/hard\libc_nano.a(libc_a-lseekr.o)
[...]
Memory Configuration

Name             Origin             Length             Attributes
RAM              0x0000000020000000 0x0000000000050000 xrw
FLASH            0x0000000008000000 0x0000000000100000 xr
*default*        0x0000000000000000 0xffffffffffffffff

Linker script and memory map

LOAD C:/ST/STM32CubeIDE_1.14.1/STM32CubeIDE/plugins/com.st.stm32cube.ide.mcu.externaltools.gnu-tools-for-stm32.11.3.rel1.win32_1.1.100.202309141235/tools/bin/../lib/gcc/arm-none-eabi/11.3.1/thumb/v7e-m+fp/hard/crti.o
LOAD C:/ST/STM32CubeIDE_1.14.1/STM32CubeIDE/plugins/com.st.stm32cube.ide.mcu.externaltools.gnu-tools-for-stm32.11.3.rel1.win32_1.1.100.202309141235/tools/bin/../lib/gcc/arm-none-eabi/11.3.1/thumb/v7e-m+fp/hard/crtbegin.o
LOAD C:/ST/STM32CubeIDE_1.14.1/STM32CubeIDE/plugins/com.st.stm32cube.ide.mcu.externaltools.gnu-tools-for-stm32.11.3.rel1.win32_1.1.100.202309141235/tools/bin/../lib/gcc/arm-none-eabi/11.3.1/../../../../arm-none-eabi/lib/thumb/v7e-m+fp/hard/crt0.o
LOAD ./Src/adc.o
LOAD ./Src/bsp.o
LOAD ./Src/clock.o
LOAD ./Src/fpu.o
LOAD ./Src/i2s.o
LOAD ./Src/main.o
LOAD ./Src/syscalls.o
LOAD ./Src/sysmem.o
LOAD ./Src/timebase.o
LOAD ./Src/uart.o
LOAD ./Startup/startup_stm32f746vgtx.o
START GROUP
LOAD C:/ST/STM32CubeIDE_1.14.1/STM32CubeIDE/plugins/com.st.stm32cube.ide.mcu.externaltools.gnu-tools-for-stm32.11.3.rel1.win32_1.1.100.202309141235/tools/bin/../lib/gcc/arm-none-eabi/11.3.1/../../../../arm-none-eabi/lib/thumb/v7e-m+fp/hard\libc_nano.a
LOAD C:/ST/STM32CubeIDE_1.14.1/STM32CubeIDE/plugins/com.st.stm32cube.ide.mcu.externaltools.gnu-tools-for-stm32.11.3.rel1.win32_1.1.100.202309141235/tools/bin/../lib/gcc/arm-none-eabi/11.3.1/../../../../arm-none-eabi/lib/thumb/v7e-m+fp/hard\libm.a
END GROUP
START GROUP
LOAD C:/ST/STM32CubeIDE_1.14.1/STM32CubeIDE/plugins/com.st.stm32cube.ide.mcu.externaltools.gnu-tools-for-stm32.11.3.rel1.win32_1.1.100.202309141235/tools/bin/../lib/gcc/arm-none-eabi/11.3.1/thumb/v7e-m+fp/hard\libgcc.a
LOAD C:/ST/STM32CubeIDE_1.14.1/STM32CubeIDE/plugins/com.st.stm32cube.ide.mcu.externaltools.gnu-tools-for-stm32.11.3.rel1.win32_1.1.100.202309141235/tools/bin/../lib/gcc/arm-none-eabi/11.3.1/../../../../arm-none-eabi/lib/thumb/v7e-m+fp/hard\libc_nano.a
END GROUP
START GROUP
LOAD C:/ST/STM32CubeIDE_1.14.1/STM32CubeIDE/plugins/com.st.stm32cube.ide.mcu.externaltools.gnu-tools-for-stm32.11.3.rel1.win32_1.1.100.202309141235/tools/bin/../lib/gcc/arm-none-eabi/11.3.1/thumb/v7e-m+fp/hard\libgcc.a
LOAD C:/ST/STM32CubeIDE_1.14.1/STM32CubeIDE/plugins/com.st.stm32cube.ide.mcu.externaltools.gnu-tools-for-stm32.11.3.rel1.win32_1.1.100.202309141235/tools/bin/../lib/gcc/arm-none-eabi/11.3.1/../../../../arm-none-eabi/lib/thumb/v7e-m+fp/hard\libc_nano.a
LOAD C:/ST/STM32CubeIDE_1.14.1/STM32CubeIDE/plugins/com.st.stm32cube.ide.mcu.externaltools.gnu-tools-for-stm32.11.3.rel1.win32_1.1.100.202309141235/tools/bin/../lib/gcc/arm-none-eabi/11.3.1/../../../../arm-none-eabi/lib/thumb/v7e-m+fp/hard\libnosys.a
END GROUP
START GROUP
LOAD C:/ST/STM32CubeIDE_1.14.1/STM32CubeIDE/plugins/com.st.stm32cube.ide.mcu.externaltools.gnu-tools-for-stm32.11.3.rel1.win32_1.1.100.202309141235/tools/bin/../lib/gcc/arm-none-eabi/11.3.1/thumb/v7e-m+fp/hard\libgcc.a
LOAD C:/ST/STM32CubeIDE_1.14.1/STM32CubeIDE/plugins/com.st.stm32cube.ide.mcu.externaltools.gnu-tools-for-stm32.11.3.rel1.win32_1.1.100.202309141235/tools/bin/../lib/gcc/arm-none-eabi/11.3.1/../../../../arm-none-eabi/lib/thumb/v7e-m+fp/hard\libc_nano.a
LOAD C:/ST/STM32CubeIDE_1.14.1/STM32CubeIDE/plugins/com.st.stm32cube.ide.mcu.externaltools.gnu-tools-for-stm32.11.3.rel1.win32_1.1.100.202309141235/tools/bin/../lib/gcc/arm-none-eabi/11.3.1/../../../../arm-none-eabi/lib/thumb/v7e-m+fp/hard\libnosys.a
END GROUP
LOAD C:/ST/STM32CubeIDE_1.14.1/STM32CubeIDE/plugins/com.st.stm32cube.ide.mcu.externaltools.gnu-tools-for-stm32.11.3.rel1.win32_1.1.100.202309141235/tools/bin/../lib/gcc/arm-none-eabi/11.3.1/thumb/v7e-m+fp/hard/crtend.o
LOAD C:/ST/STM32CubeIDE_1.14.1/STM32CubeIDE/plugins/com.st.stm32cube.ide.mcu.externaltools.gnu-tools-for-stm32.11.3.rel1.win32_1.1.100.202309141235/tools/bin/../lib/gcc/arm-none-eabi/11.3.1/thumb/v7e-m+fp/hard/crtn.o
                0x0000000020050000                _estack = (ORIGIN (RAM) + LENGTH (RAM))
                0x0000000000000200                _Min_Heap_Size = 0x200
                0x0000000000000400                _Min_Stack_Size = 0x400

.isr_vector     0x0000000008000000      0x1c8
                0x0000000008000000                . = ALIGN (0x4)
 *(.isr_vector)
 .isr_vector    0x0000000008000000      0x1c8 ./Startup/startup_stm32f746vgtx.o
                0x0000000008000000                g_pfnVectors
                0x00000000080001c8                . = ALIGN (0x4)

.text           0x00000000080001c8      0x674
                0x00000000080001c8                . = ALIGN (0x4)
 *(.text)
 .text          0x00000000080001c8       0x40 C:/ST/STM32CubeIDE_1.14.1/STM32CubeIDE/plugins/com.st.stm32cube.ide.mcu.externaltools.gnu-tools-for-stm32.11.3.rel1.win32_1.1.100.202309141235/tools/bin/../lib/gcc/arm-none-eabi/11.3.1/thumb/v7e-m+fp/hard/crtbegin.o
 *(.text*)
 .text.clock_init_168Mhz
                0x0000000008000208      0x110 ./Src/clock.o
                0x0000000008000208                clock_init_168Mhz
 .text.fpu_enable
                0x0000000008000318       0x54 ./Src/fpu.o
                0x0000000008000318                fpu_enable
 .text.i2s1_gpio_init
                0x000000000800036c      0x154 ./Src/i2s.o
                0x000000000800036c                i2s1_gpio_init
 .text.i2s1_init
                0x00000000080004c0       0x78 ./Src/i2s.o
                0x00000000080004c0                i2s1_init
 .text.i2s1_send_data
                0x0000000008000538       0x70 ./Src/i2s.o
                0x0000000008000538                i2s1_send_data
 .text.main     0x00000000080005a8       0x30 ./Src/main.o
                0x00000000080005a8                main
 .text.delay    0x00000000080005d8       0x3c ./Src/timebase.o
                0x00000000080005d8                delay
 .text.get_tick
                0x0000000008000614       0x2c ./Src/timebase.o
                0x0000000008000614                get_tick
 .text.tick_increment
                0x0000000008000640       0x1c ./Src/timebase.o
                0x0000000008000640                tick_increment
 .text.timebase_init
                0x000000000800065c       0x3c ./Src/timebase.o
                0x000000000800065c                timebase_init
 .text.SysTick_Handler
                0x0000000008000698        0xc ./Src/timebase.o
                0x0000000008000698                SysTick_Handler
 .text.debug_uart_init
                0x00000000080006a4       0x94 ./Src/uart.o
                0x00000000080006a4                debug_uart_init
 .text.compute_uart_bd
                0x0000000008000738       0x26 ./Src/uart.o
 *fill*         0x000000000800075e        0x2 
 .text.uart_set_baudrate
                0x0000000008000760       0x28 ./Src/uart.o
 .text.Reset_Handler
                0x0000000008000788       0x50 ./Startup/startup_stm32f746vgtx.o
                0x0000000008000788                Reset_Handler
 .text.Default_Handler
                0x00000000080007d8        0x2 ./Startup/startup_stm32f746vgtx.o
                0x00000000080007d8                HASH_RNG_IRQHandler
                0x00000000080007d8                EXTI2_IRQHandler
                0x00000000080007d8                TIM8_CC_IRQHandler
                0x00000000080007d8                DebugMon_Handler
                0x00000000080007d8                UART8_IRQHandler
                0x00000000080007d8                SPI4_IRQHandler
                0x00000000080007d8                TIM1_CC_IRQHandler
                0x00000000080007d8                QuadSPI_IRQHandler
                0x00000000080007d8                DMA2_Stream5_IRQHandler
                0x00000000080007d8                HardFault_Handler
                0x00000000080007d8                DMA1_Stream5_IRQHandler
                0x00000000080007d8                PVD_IRQHandler
                0x00000000080007d8                TAMP_STAMP_IRQHandler
                0x00000000080007d8                PendSV_Handler
                0x00000000080007d8                NMI_Handler
                0x00000000080007d8                CAN2_RX1_IRQHandler
                0x00000000080007d8                EXTI3_IRQHandler
                0x00000000080007d8                TIM8_TRG_COM_TIM14_IRQHandler
                0x00000000080007d8                TIM1_UP_TIM10_IRQHandler
                0x00000000080007d8                TIM8_UP_TIM13_IRQHandler
                0x00000000080007d8                I2C3_ER_IRQHandler
                0x00000000080007d8                LCD_TFT_IRQHandler
                0x00000000080007d8                EXTI0_IRQHandler
                0x00000000080007d8                I2C2_EV_IRQHandler
                0x00000000080007d8                DMA1_Stream2_IRQHandler
                0x00000000080007d8                CAN1_RX0_IRQHandler
                0x00000000080007d8                OTG_HS_WKUP_IRQHandler
                0x00000000080007d8                UsageFault_Handler
                0x00000000080007d8                LTDC_ER_IRQHandler
                0x00000000080007d8                CAN2_SCE_IRQHandler
                0x00000000080007d8                DMA2_Stream2_IRQHandler
                0x00000000080007d8                SPI1_IRQHandler
                0x00000000080007d8                TIM6_DAC_IRQHandler
                0x00000000080007d8                TIM1_BRK_TIM9_IRQHandler
                0x00000000080007d8                DCMI_IRQHandler
                0x00000000080007d8                CAN2_RX0_IRQHandler
                0x00000000080007d8                DMA2_Stream3_IRQHandler
                0x00000000080007d8                RTC_ALARM_IRQHandler
                0x00000000080007d8                SAI2_IRQHandler
                0x00000000080007d8                USART6_IRQHandler
                0x00000000080007d8                USART3_IRQHandler
                0x00000000080007d8                CRYP_IRQHandler
                0x00000000080007d8                CAN1_RX1_IRQHandler
                0x00000000080007d8                UART5_IRQHandler
                0x00000000080007d8                DMA2_Stream0_IRQHandler
                0x00000000080007d8                TIM4_IRQHandler
                0x00000000080007d8                I2C1_EV_IRQHandler
                0x00000000080007d8                HDMI_CEC_IRQHandler
                0x00000000080007d8                DMA1_Stream6_IRQHandler
                0x00000000080007d8                DMA1_Stream1_IRQHandler
                0x00000000080007d8                UART4_IRQHandler
                0x00000000080007d8                TIM3_IRQHandler
                0x00000000080007d8                RCC_IRQHandler
                0x00000000080007d8                TIM8_BRK_TIM12_IRQHandler
                0x00000000080007d8                Default_Handler
                0x00000000080007d8                EXTI15_10_IRQHandler
                0x00000000080007d8                ADC_IRQHandler
                0x00000000080007d8                DMA1_Stream7_IRQHandler
                0x00000000080007d8                SPI5_IRQHandler
                0x00000000080007d8                LPTimer1_IRQHandler
                0x00000000080007d8                TIM7_IRQHandler
                0x00000000080007d8                SDMMC1_IRQHandler
                0x00000000080007d8                CAN2_TX_IRQHandler
                0x00000000080007d8                TIM5_IRQHandler
                0x00000000080007d8                DMA2_Stream7_IRQHandler
                0x00000000080007d8                I2C3_EV_IRQHandler
                0x00000000080007d8                EXTI9_5_IRQHandler
                0x00000000080007d8                RTC_WKUP_IRQHandler
                0x00000000080007d8                ETH_WKUP_IRQHandler
                0x00000000080007d8                SPI2_IRQHandler
                0x00000000080007d8                OTG_HS_EP1_IN_IRQHandler
                0x00000000080007d8                MemManage_Handler
                0x00000000080007d8                DMA1_Stream0_IRQHandler
                0x00000000080007d8                CAN1_TX_IRQHandler
                0x00000000080007d8                SVC_Handler
                0x00000000080007d8                EXTI4_IRQHandler
                0x00000000080007d8                ETH_IRQHandler
                0x00000000080007d8                OTG_HS_EP1_OUT_IRQHandler
                0x00000000080007d8                WWDG_IRQHandler
                0x00000000080007d8                SPI6_IRQHandler
                0x00000000080007d8                I2C4_EV_IRQHandler
                0x00000000080007d8                TIM2_IRQHandler
                0x00000000080007d8                OTG_FS_WKUP_IRQHandler
                0x00000000080007d8                TIM1_TRG_COM_TIM11_IRQHandler
                0x00000000080007d8                OTG_HS_IRQHandler
                0x00000000080007d8                DMA2D_IRQHandler
                0x00000000080007d8                EXTI1_IRQHandler
                0x00000000080007d8                UART7_IRQHandler
                0x00000000080007d8                USART2_IRQHandler
                0x00000000080007d8                I2C2_ER_IRQHandler
                0x00000000080007d8                SPDIFRX_IRQHandler
                0x00000000080007d8                DMA2_Stream1_IRQHandler
                0x00000000080007d8                CAN1_SCE_IRQHandler
                0x00000000080007d8                FLASH_IRQHandler
                0x00000000080007d8                DMA2_Stream4_IRQHandler
                0x00000000080007d8                BusFault_Handler
                0x00000000080007d8                USART1_IRQHandler
                0x00000000080007d8                OTG_FS_IRQHandler
                0x00000000080007d8                SPI3_IRQHandler
                0x00000000080007d8                DMA1_Stream4_IRQHandler
                0x00000000080007d8                I2C1_ER_IRQHandler
                0x00000000080007d8                FMC_IRQHandler
                0x00000000080007d8                I2C4_ER_IRQHandler
                0x00000000080007d8                DMA2_Stream6_IRQHandler
                0x00000000080007d8                SAI1_IRQHandler
                0x00000000080007d8                DMA1_Stream3_IRQHandler
 *fill*         0x00000000080007da        0x2 
 .text.__libc_init_array
                0x00000000080007dc       0x48 C:/ST/STM32CubeIDE_1.14.1/STM32CubeIDE/plugins/com.st.stm32cube.ide.mcu.externaltools.gnu-tools-for-stm32.11.3.rel1.win32_1.1.100.202309141235/tools/bin/../lib/gcc/arm-none-eabi/11.3.1/../../../../arm-none-eabi/lib/thumb/v7e-m+fp/hard\libc_nano.a(libc_a-init.o)
                0x00000000080007dc                __libc_init_array
 *(.glue_7)
 .glue_7        0x0000000008000824        0x0 linker stubs
 *(.glue_7t)
 .glue_7t       0x0000000008000824        0x0 linker stubs
 *(.eh_frame)
 .eh_frame      0x0000000008000824        0x0 C:/ST/STM32CubeIDE_1.14.1/STM32CubeIDE/plugins/com.st.stm32cube.ide.mcu.externaltools.gnu-tools-for-stm32.11.3.rel1.win32_1.1.100.202309141235/tools/bin/../lib/gcc/arm-none-eabi/11.3.1/thumb/v7e-m+fp/hard/crtbegin.o
 *(.init)
 .init          0x0000000008000824        0x4 C:/ST/STM32CubeIDE_1.14.1/STM32CubeIDE/plugins/com.st.stm32cube.ide.mcu.externaltools.gnu-tools-for-stm32.11.3.rel1.win32_1.1.100.202309141235/tools/bin/../lib/gcc/arm-none-eabi/11.3.1/thumb/v7e-m+fp/hard/crti.o
                0x0000000008000824                _init
 .init          0x0000000008000828        0x8 C:/ST/STM32CubeIDE_1.14.1/STM32CubeIDE/plugins/com.st.stm32cube.ide.mcu.externaltools.gnu-tools-for-stm32.11.3.rel1.win32_1.1.100.202309141235/tools/bin/../lib/gcc/arm-none-eabi/11.3.1/thumb/v7e-m+fp/hard/crtn.o
 *(.fini)
 .fini          0x0000000008000830        0x4 C:/ST/STM32CubeIDE_1.14.1/STM32CubeIDE/plugins/com.st.stm32cube.ide.mcu.externaltools.gnu-tools-for-stm32.11.3.rel1.win32_1.1.100.202309141235/tools/bin/../lib/gcc/arm-none-eabi/11.3.1/thumb/v7e-m+fp/hard/crti.o
                0x0000000008000830                _fini
 .fini          0x0000000008000834        0x8 C:/ST/STM32CubeIDE_1.14.1/STM32CubeIDE/plugins/com.st.stm32cube.ide.mcu.externaltools.gnu-tools-for-stm32.11.3.rel1.win32_1.1.100.202309141235/tools/bin/../lib/gcc/arm-none-eabi/11.3.1/thumb/v7e-m+fp/hard/crtn.o
                0x000000000800083c                . = ALIGN (0x4)
                0x000000000800083c                _etext = .

.vfp11_veneer   0x000000000800083c        0x0
 .vfp11_veneer  0x000000000800083c        0x0 linker stubs

.v4_bx          0x000000000800083c        0x0
 .v4_bx         0x000000000800083c        0x0 linker stubs

.iplt           0x000000000800083c        0x0
 .iplt          0x000000000800083c        0x0 C:/ST/STM32CubeIDE_1.14.1/STM32CubeIDE/plugins/com.st.stm32cube.ide.mcu.externaltools.gnu-tools-for-stm32.11.3.rel1.win32_1.1.100.202309141235/tools/bin/../lib/gcc/arm-none-eabi/11.3.1/thumb/v7e-m+fp/hard/crtbegin.o

.rel.dyn        0x000000000800083c        0x0
 .rel.iplt      0x000000000800083c        0x0 C:/ST/STM32CubeIDE_1.14.1/STM32CubeIDE/plugins/com.st.stm32cube.ide.mcu.externaltools.gnu-tools-for-stm32.11.3.rel1.win32_1.1.100.202309141235/tools/bin/../lib/gcc/arm-none-eabi/11.3.1/thumb/v7e-m+fp/hard/crtbegin.o

.rodata         0x000000000800083c        0x0
                0x000000000800083c                . = ALIGN (0x4)
 *(.rodata)
 *(.rodata*)
                0x000000000800083c                . = ALIGN (0x4)

.ARM.extab      0x000000000800083c        0x0
                0x000000000800083c                . = ALIGN (0x4)
 *(.ARM.extab* .gnu.linkonce.armextab.*)
                0x000000000800083c                . = ALIGN (0x4)

.ARM            0x000000000800083c        0x0
                0x000000000800083c                . = ALIGN (0x4)
                0x000000000800083c                __exidx_start = .
 *(.ARM.exidx*)
                0x000000000800083c                __exidx_end = .
                0x000000000800083c                . = ALIGN (0x4)

.preinit_array  0x000000000800083c        0x0
                0x000000000800083c                . = ALIGN (0x4)
                0x000000000800083c                PROVIDE (__preinit_array_start = .)
 *(.preinit_array*)
                0x000000000800083c                PROVIDE (__preinit_array_end = .)
                0x000000000800083c                . = ALIGN (0x4)

.init_array     0x000000000800083c        0x4
                0x000000000800083c                . = ALIGN (0x4)
                0x000000000800083c                PROVIDE (__init_array_start = .)
 *(SORT_BY_NAME(.init_array.*))
 *(.init_array*)
 .init_array    0x000000000800083c        0x4 C:/ST/STM32CubeIDE_1.14.1/STM32CubeIDE/plugins/com.st.stm32cube.ide.mcu.externaltools.gnu-tools-for-stm32.11.3.rel1.win32_1.1.100.202309141235/tools/bin/../lib/gcc/arm-none-eabi/11.3.1/thumb/v7e-m+fp/hard/crtbegin.o
                0x0000000008000840                PROVIDE (__init_array_end = .)
                0x0000000008000840                . = ALIGN (0x4)

.fini_array     0x0000000008000840        0x4
                0x0000000008000840                . = ALIGN (0x4)
                [!provide]                        PROVIDE (__fini_array_start = .)
 *(SORT_BY_NAME(.fini_array.*))
 *(.fini_array*)
 .fini_array    0x0000000008000840        0x4 C:/ST/STM32CubeIDE_1.14.1/STM32CubeIDE/plugins/com.st.stm32cube.ide.mcu.externaltools.gnu-tools-for-stm32.11.3.rel1.win32_1.1.100.202309141235/tools/bin/../lib/gcc/arm-none-eabi/11.3.1/thumb/v7e-m+fp/hard/crtbegin.o
                [!provide]                        PROVIDE (__fini_array_end = .)
                0x0000000008000844                . = ALIGN (0x4)
                0x0000000008000844                _sidata = LOADADDR (.data)

.data           0x0000000020000000        0xc load address 0x0000000008000844
                0x0000000020000000                . = ALIGN (0x4)
                0x0000000020000000                _sdata = .
 *(.data)
 *(.data*)
 .data.tx_data  0x0000000020000000        0xa ./Src/main.o
                0x0000000020000000                tx_data
 *(.RamFunc)
 *(.RamFunc*)
                0x000000002000000c                . = ALIGN (0x4)
 *fill*         0x000000002000000a        0x2 
                0x000000002000000c                _edata = .

.igot.plt       0x000000002000000c        0x0 load address 0x0000000008000850
 .igot.plt      0x000000002000000c        0x0 C:/ST/STM32CubeIDE_1.14.1/STM32CubeIDE/plugins/com.st.stm32cube.ide.mcu.externaltools.gnu-tools-for-stm32.11.3.rel1.win32_1.1.100.202309141235/tools/bin/../lib/gcc/arm-none-eabi/11.3.1/thumb/v7e-m+fp/hard/crtbegin.o
                0x000000002000000c                . = ALIGN (0x4)

.bss            0x000000002000000c       0x24 load address 0x0000000008000850
                0x000000002000000c                _sbss = .
                0x000000002000000c                __bss_start__ = _sbss
 *(.bss)
 .bss           0x000000002000000c       0x1c C:/ST/STM32CubeIDE_1.14.1/STM32CubeIDE/plugins/com.st.stm32cube.ide.mcu.externaltools.gnu-tools-for-stm32.11.3.rel1.win32_1.1.100.202309141235/tools/bin/../lib/gcc/arm-none-eabi/11.3.1/thumb/v7e-m+fp/hard/crtbegin.o
 *(.bss*)
 .bss.g_curr_tick
                0x0000000020000028        0x4 ./Src/timebase.o
                0x0000000020000028                g_curr_tick
 .bss.g_curr_tick_p
                0x000000002000002c        0x4 ./Src/timebase.o
                0x000000002000002c                g_curr_tick_p
 *(COMMON)
                0x0000000020000030                . = ALIGN (0x4)
                0x0000000020000030                _ebss = .
                0x0000000020000030                __bss_end__ = _ebss

._user_heap_stack
                0x0000000020000030      0x600 load address 0x0000000008000850
                0x0000000020000030                . = ALIGN (0x8)
                [!provide]                        PROVIDE (end = .)
                0x0000000020000030                PROVIDE (_end = .)
                0x0000000020000230                . = (. + _Min_Heap_Size)
 *fill*         0x0000000020000030      0x200 
                0x0000000020000630                . = (. + _Min_Stack_Size)
 *fill*         0x0000000020000230      0x400 
                0x0000000020000630                . = ALIGN (0x8)

/DISCARD/
 libc.a(*)
 libm.a(*)
 libgcc.a(*)

.ARM.attributes
                0x0000000000000000       0x30
 *(.ARM.attributes)
 .ARM.attributes
                0x0000000000000000       0x1e C:/ST/STM32CubeIDE_1.14.1/STM32CubeIDE/plugins/com.st.stm32cube.ide.mcu.externaltools.gnu-tools-for-stm32.11.3.rel1.win32_1.1.100.202309141235/tools/bin/../lib/gcc/arm-none-eabi/11.3.1/thumb/v7e-m+fp/hard/crti.o
 .ARM.attributes
                0x000000000000001e       0x34 C:/ST/STM32CubeIDE_1.14.1/STM32CubeIDE/plugins/com.st.stm32cube.ide.mcu.externaltools.gnu-tools-for-stm32.11.3.rel1.win32_1.1.100.202309141235/tools/bin/../lib/gcc/arm-none-eabi/11.3.1/thumb/v7e-m+fp/hard/crtbegin.o
 .ARM.attributes
                0x0000000000000052       0x34 ./Src/clock.o
 .ARM.attributes
                0x0000000000000086       0x34 ./Src/fpu.o
 .ARM.attributes
                0x00000000000000ba       0x34 ./Src/i2s.o
 .ARM.attributes
                0x00000000000000ee       0x34 ./Src/main.o
 .ARM.attributes
                0x0000000000000122       0x34 ./Src/timebase.o
 .ARM.attributes
                0x0000000000000156       0x34 ./Src/uart.o
 .ARM.attributes
                0x000000000000018a       0x21 ./Startup/startup_stm32f746vgtx.o
 .ARM.attributes
                0x00000000000001ab       0x34 C:/ST/STM32CubeIDE_1.14.1/STM32CubeIDE/plugins/com.st.stm32cube.ide.mcu.externaltools.gnu-tools-for-stm32.11.3.rel1.win32_1.1.100.202309141235/tools/bin/../lib/gcc/arm-none-eabi/11.3.1/../../../../arm-none-eabi/lib/thumb/v7e-m+fp/hard\libc_nano.a(libc_a-init.o)
 .ARM.attributes
                0x00000000000001df       0x1e C:/ST/STM32CubeIDE_1.14.1/STM32CubeIDE/plugins/com.st.stm32cube.ide.mcu.externaltools.gnu-tools-for-stm32.11.3.rel1.win32_1.1.100.202309141235/tools/bin/../lib/gcc/arm-none-eabi/11.3.1/thumb/v7e-m+fp/hard/crtn.o
OUTPUT(9_i2s_driver.elf elf32-littlearm)
LOAD linker stubs
LOAD C:/ST/STM32CubeIDE_1.14.1/STM32CubeIDE/plugins/com.st.stm32cube.ide.mcu.externaltools.gnu-tools-for-stm32.11.3.rel1.win32_1.1.100.202309141235/tools/bin/../lib/gcc/arm-none-eabi/11.3.1/../../../../arm-none-eabi/lib/thumb/v7e-m+fp/hard\libc.a
LOAD C:/ST/STM32CubeIDE_1.14.1/STM32CubeIDE/plugins/com.st.stm32cube.ide.mcu.externaltools.gnu-tools-for-stm32.11.3.rel1.win32_1.1.100.202309141235/tools/bin/../lib/gcc/arm-none-eabi/11.3.1/../../../../arm-none-eabi/lib/thumb/v7e-m+fp/hard\libm.a
LOAD C:/ST/STM32CubeIDE_1.14.1/STM32CubeIDE/plugins/com.st.stm32cube.ide.mcu.externaltools.gnu-tools-for-stm32.11.3.rel1.win32_1.1.100.202309141235/tools/bin/../lib/gcc/arm-none-eabi/11.3.1/thumb/v7e-m+fp/hard\libgcc.a

.comment        0x0000000000000000       0x43
 .comment       0x0000000000000000       0x43 C:/ST/STM32CubeIDE_1.14.1/STM32CubeIDE/plugins/com.st.stm32cube.ide.mcu.externaltools.gnu-tools-for-stm32.11.3.rel1.win32_1.1.100.202309141235/tools/bin/../lib/gcc/arm-none-eabi/11.3.1/thumb/v7e-m+fp/hard/crtbegin.o
                                         0x44 (size before relaxing)
 .comment       0x0000000000000043       0x44 ./Src/clock.o
 .comment       0x0000000000000043       0x44 ./Src/fpu.o
 .comment       0x0000000000000043       0x44 ./Src/i2s.o
 .comment       0x0000000000000043       0x44 ./Src/main.o
 .comment       0x0000000000000043       0x44 ./Src/timebase.o
 .comment       0x0000000000000043       0x44 ./Src/uart.o

.debug_info     0x0000000000000000     0x1207
 .debug_info    0x0000000000000000      0x2d1 ./Src/clock.o
 .debug_info    0x00000000000002d1      0x3ee ./Src/fpu.o
 .debug_info    0x00000000000006bf      0x3ce ./Src/i2s.o
 .debug_info    0x0000000000000a8d      0x13c ./Src/main.o
 .debug_info    0x0000000000000bc9      0x1d7 ./Src/timebase.o
 .debug_info    0x0000000000000da0      0x444 ./Src/uart.o
 .debug_info    0x00000000000011e4       0x23 ./Startup/startup_stm32f746vgtx.o

.debug_abbrev   0x0000000000000000      0x652
 .debug_abbrev  0x0000000000000000      0x100 ./Src/clock.o
 .debug_abbrev  0x0000000000000100       0xcb ./Src/fpu.o
 .debug_abbrev  0x00000000000001cb      0x10f ./Src/i2s.o
 .debug_abbrev  0x00000000000002da       0xb4 ./Src/main.o
 .debug_abbrev  0x000000000000038e      0x170 ./Src/timebase.o
 .debug_abbrev  0x00000000000004fe      0x142 ./Src/uart.o
 .debug_abbrev  0x0000000000000640       0x12 ./Startup/startup_stm32f746vgtx.o

.debug_aranges  0x0000000000000000      0x138
 .debug_aranges
                0x0000000000000000       0x20 ./Src/clock.o
 .debug_aranges
                0x0000000000000020       0x20 ./Src/fpu.o
 .debug_aranges
                0x0000000000000040       0x30 ./Src/i2s.o
 .debug_aranges
                0x0000000000000070       0x20 ./Src/main.o
 .debug_aranges
                0x0000000000000090       0x40 ./Src/timebase.o
 .debug_aranges
                0x00000000000000d0       0x40 ./Src/uart.o
 .debug_aranges
                0x0000000000000110       0x28 ./Startup/startup_stm32f746vgtx.o

.debug_rnglists
                0x0000000000000000       0xca
 .debug_rnglists
                0x0000000000000000       0x14 ./Src/clock.o
 .debug_rnglists
                0x0000000000000014       0x13 ./Src/fpu.o
 .debug_rnglists
                0x0000000000000027       0x20 ./Src/i2s.o
 .debug_rnglists
                0x0000000000000047       0x13 ./Src/main.o
 .debug_rnglists
                0x000000000000005a       0x2b ./Src/timebase.o
 .debug_rnglists
                0x0000000000000085       0x2c ./Src/uart.o
 .debug_rnglists
                0x00000000000000b1       0x19 ./Startup/startup_stm32f746vgtx.o

.debug_macro    0x0000000000000000     0x122b
 .debug_macro   0x0000000000000000      0x103 ./Src/clock.o
 .debug_macro   0x0000000000000103       0xcb ./Src/fpu.o
 .debug_macro   0x00000000000001ce       0xd5 ./Src/i2s.o
 .debug_macro   0x00000000000002a3      0x1f1 ./Src/main.o
 .debug_macro   0x0000000000000494       0x5b ./Src/main.o
 .debug_macro   0x00000000000004ef       0x2a ./Src/main.o
 .debug_macro   0x0000000000000519       0x94 ./Src/main.o
 .debug_macro   0x00000000000005ad       0x43 ./Src/main.o
 .debug_macro   0x00000000000005f0       0x34 ./Src/main.o
 .debug_macro   0x0000000000000624       0x16 ./Src/main.o
 .debug_macro   0x000000000000063a       0x57 ./Src/main.o
 .debug_macro   0x0000000000000691       0x97 ./Src/main.o
 .debug_macro   0x0000000000000728      0x369 ./Src/main.o
 .debug_macro   0x0000000000000a91       0xfd ./Src/main.o
 .debug_macro   0x0000000000000b8e       0x10 ./Src/main.o
 .debug_macro   0x0000000000000b9e       0x16 ./Src/main.o
 .debug_macro   0x0000000000000bb4       0x43 ./Src/main.o
 .debug_macro   0x0000000000000bf7       0x34 ./Src/main.o
 .debug_macro   0x0000000000000c2b       0x10 ./Src/main.o
 .debug_macro   0x0000000000000c3b       0x58 ./Src/main.o
 .debug_macro   0x0000000000000c93       0x8e ./Src/main.o
 .debug_macro   0x0000000000000d21       0x1c ./Src/main.o
 .debug_macro   0x0000000000000d3d      0x177 ./Src/main.o
 .debug_macro   0x0000000000000eb4       0x16 ./Src/main.o
 .debug_macro   0x0000000000000eca       0x16 ./Src/main.o
 .debug_macro   0x0000000000000ee0      0x147 ./Src/main.o
 .debug_macro   0x0000000000001027       0xff ./Src/timebase.o
 .debug_macro   0x0000000000001126      0x105 ./Src/uart.o

.debug_line     0x0000000000000000     0x22f4
 .debug_line    0x0000000000000000      0x5be ./Src/clock.o
 .debug_line    0x00000000000005be      0x4e7 ./Src/fpu.o
 .debug_line    0x0000000000000aa5      0x5b7 ./Src/i2s.o
 .debug_line    0x000000000000105c      0x6b4 ./Src/main.o
 .debug_line    0x0000000000001710      0x5cf ./Src/timebase.o
 .debug_line    0x0000000000001cdf      0x59a ./Src/uart.o
 .debug_line    0x0000000000002279       0x7b ./Startup/startup_stm32f746vgtx.o

.debug_str      0x0000000000000000    0x9efd3
 .debug_str     0x0000000000000000    0x9b116 ./Src/clock.o
                                      0x9b2ae (size before relaxing)
 .debug_str     0x000000000009b116      0x134 ./Src/fpu.o
                                      0x9b25f (size before relaxing)
 .debug_str     0x000000000009b24a       0xa0 ./Src/i2s.o
                                      0x9b2b5 (size before relaxing)
 .debug_str     0x000000000009b2ea     0x3a98 ./Src/main.o
                                      0x9ec73 (size before relaxing)
 .debug_str     0x000000000009ed82      0x126 ./Src/timebase.o
                                      0x9b22d (size before relaxing)
 .debug_str     0x000000000009eea8       0xfc ./Src/uart.o
                                      0x9b363 (size before relaxing)
 .debug_str     0x000000000009efa4       0x2f ./Startup/startup_stm32f746vgtx.o
                                         0x60 (size before relaxing)

.debug_frame    0x0000000000000000      0x2a8
 .debug_frame   0x0000000000000000       0x34 ./Src/clock.o
 .debug_frame   0x0000000000000034       0x30 ./Src/fpu.o
 .debug_frame   0x0000000000000064       0x78 ./Src/i2s.o
 .debug_frame   0x00000000000000dc       0x2c ./Src/main.o
 .debug_frame   0x0000000000000108       0xb0 ./Src/timebase.o
 .debug_frame   0x00000000000001b8       0xc4 ./Src/uart.o
 .debug_frame   0x000000000000027c       0x2c C:/ST/STM32CubeIDE_1.14.1/STM32CubeIDE/plugins/com.st.stm32cube.ide.mcu.externaltools.gnu-tools-for-stm32.11.3.rel1.win32_1.1.100.202309141235/tools/bin/../lib/gcc/arm-none-eabi/11.3.1/../../../../arm-none-eabi/lib/thumb/v7e-m+fp/hard\libc_nano.a(libc_a-init.o)

.debug_line_str
                0x0000000000000000       0x54
 .debug_line_str
                0x0000000000000000       0x54 ./Startup/startup_stm32f746vgtx.o
                                         0x6c (size before relaxing)
