23:54:54 **** Incremental Build of configuration Debug for project 10_i2s_driver-dma ****
make -j8 all 
arm-none-eabi-gcc "../Src/main.c" -mcpu=cortex-m7 -std=gnu11 -g3 -DDEBUG -DSTM32 -DSTM32F746VGTx -DSTM32F7 -DSTM32F746xx -c -I../Inc -I"..//chip_headers/CMSIS/Include" -I"..//chip_headers/CMSIS/Device/ST/STM32F7xx/Include" -O0 -ffunction-sections -fdata-sections -Wall -fstack-usage -fcyclomatic-complexity -MMD -MP -MF"Src/main.d" -MT"Src/main.o" --specs=nano.specs -mfpu=fpv5-sp-d16 -mfloat-abi=hard -mthumb -o "Src/main.o"
arm-none-eabi-gcc -o "10_i2s_driver-dma.elf" @"objects.list"   -mcpu=cortex-m7 -T"D:\FYP\Firmware\stm32_project\10_i2s_driver-dma\STM32F746VGTX_FLASH.ld" --specs=nosys.specs -Wl,-Map="10_i2s_driver-dma.map" -Wl,--gc-sections -static --specs=nano.specs -mfpu=fpv5-sp-d16 -mfloat-abi=hard -mthumb -Wl,--start-group -lc -lm -Wl,--end-group
Finished building target: 10_i2s_driver-dma.elf
 
arm-none-eabi-size  10_i2s_driver-dma.elf 
arm-none-eabi-objdump -h -S 10_i2s_driver-dma.elf  > "10_i2s_driver-dma.list"
   text	   data	    bss	    dec	    hex	filename
   2348	     20	   1580	   3948	    f6c	10_i2s_driver-dma.elf
Finished building: default.size.stdout
 
Finished building: 10_i2s_driver-dma.list
 

23:54:55 Build Finished. 0 errors, 0 warnings. (took 951ms)

