02:04:56 **** Incremental Build of configuration Debug for project 6_system_drivers_spi ****
make -j8 all 
arm-none-eabi-gcc "../Src/spi.c" -mcpu=cortex-m7 -std=gnu11 -g3 -DDEBUG -DSTM32 -DSTM32F746VGTx -DSTM32F7 -DSTM32F746xx -c -I../Inc -I"..//chip_headers/CMSIS/Include" -I"..//chip_headers/CMSIS/Device/ST/STM32F7xx/Include" -O0 -ffunction-sections -fdata-sections -Wall -fstack-usage -fcyclomatic-complexity -MMD -MP -MF"Src/spi.d" -MT"Src/spi.o" --specs=nano.specs -mfpu=fpv5-sp-d16 -mfloat-abi=hard -mthumb -o "Src/spi.o"
arm-none-eabi-gcc -o "6_system_drivers_spi.elf" @"objects.list"   -mcpu=cortex-m7 -T"D:\FYP\Firmware\stm32_project\6_system_drivers_spi\STM32F746VGTX_FLASH.ld" --specs=nosys.specs -Wl,-Map="6_system_drivers_spi.map" -Wl,--gc-sections -static --specs=nano.specs -mfpu=fpv5-sp-d16 -mfloat-abi=hard -mthumb -Wl,--start-group -lc -lm -Wl,--end-group
Finished building target: 6_system_drivers_spi.elf
 
arm-none-eabi-size  6_system_drivers_spi.elf 
arm-none-eabi-objdump -h -S 6_system_drivers_spi.elf  > "6_system_drivers_spi.list"
   text	   data	    bss	    dec	    hex	filename
   3060	     12	   1644	   4716	   126c	6_system_drivers_spi.elf
Finished building: default.size.stdout
 
Finished building: 6_system_drivers_spi.list
 

02:04:57 Build Finished. 0 errors, 0 warnings. (took 732ms)

