23:41:50 **** Incremental Build of configuration Debug for project 8_clock_config ****
make -j8 all 
arm-none-eabi-gcc "../Src/clock.c" -mcpu=cortex-m7 -std=gnu11 -g3 -DDEBUG -DSTM32 -DSTM32F746VGTx -DSTM32F7 -DSTM32F746xx -c -I../Inc -I"..//chip_headers/CMSIS/Include" -I"..//chip_headers/CMSIS/Device/ST/STM32F7xx/Include" -O0 -ffunction-sections -fdata-sections -Wall -fstack-usage -fcyclomatic-complexity -MMD -MP -MF"Src/clock.d" -MT"Src/clock.o" --specs=nano.specs -mfpu=fpv5-sp-d16 -mfloat-abi=hard -mthumb -o "Src/clock.o"
arm-none-eabi-gcc -o "8_clock_config.elf" @"objects.list"   -mcpu=cortex-m7 -T"D:\FYP\Firmware\stm32_project\8_clock_config\STM32F746VGTX_FLASH.ld" --specs=nosys.specs -Wl,-Map="8_clock_config.map" -Wl,--gc-sections -static --specs=nano.specs -mfpu=fpv5-sp-d16 -mfloat-abi=hard -mthumb -Wl,--start-group -lc -lm -Wl,--end-group
Finished building target: 8_clock_config.elf
 
arm-none-eabi-size  8_clock_config.elf 
arm-none-eabi-objdump -h -S 8_clock_config.elf  > "8_clock_config.list"
   text	   data	    bss	    dec	    hex	filename
   1460	      8	   1576	   3044	    be4	8_clock_config.elf
Finished building: default.size.stdout
 
Finished building: 8_clock_config.list
 

23:41:51 Build Finished. 0 errors, 0 warnings. (took 1s.422ms)

