Archive member included to satisfy reference by file (symbol)

C:/Users/ACER/Documents/GitHub/Firmware-design/stm32_project/12_pdm_audio_processing\Middlewares\ST\STM32_Audio\Addons\PDM\Lib\libPDMFilter_CM7_GCC_wc32.a(pdm_filter.o)
                              ./Src/pdm2pcm.o (PDM_Filter_Init)
C:/Users/ACER/Documents/GitHub/Firmware-design/stm32_project/12_pdm_audio_processing\Middlewares\ST\STM32_Audio\Addons\PDM\Lib\libPDMFilter_CM7_GCC_wc32.a(stm32_crc_lock.o)
                              C:/Users/ACER/Documents/GitHub/Firmware-design/stm32_project/12_pdm_audio_processing\Middlewares\ST\STM32_Audio\Addons\PDM\Lib\libPDMFilter_CM7_GCC_wc32.a(pdm_filter.o) (CRC_Lock)
C:/ST/STM32CubeIDE_1.14.1/STM32CubeIDE/plugins/com.st.stm32cube.ide.mcu.externaltools.gnu-tools-for-stm32.11.3.rel1.win32_1.1.100.202309141235/tools/bin/../lib/gcc/arm-none-eabi/11.3.1/../../../../arm-none-eabi/lib/thumb/v7e-m+fp/hard\libc_nano.a(libc_a-exit.o)
                              C:/ST/STM32CubeIDE_1.14.1/STM32CubeIDE/plugins/com.st.stm32cube.ide.mcu.externaltools.gnu-tools-for-stm32.11.3.rel1.win32_1.1.100.202309141235/tools/bin/../lib/gcc/arm-none-eabi/11.3.1/../../../../arm-none-eabi/lib/thumb/v7e-m+fp/hard/crt0.o (exit)
C:/ST/STM32CubeIDE_1.14.1/STM32CubeIDE/plugins/com.st.stm32cube.ide.mcu.externaltools.gnu-tools-for-stm32.11.3.rel1.win32_1.1.100.202309141235/tools/bin/../lib/gcc/arm-none-eabi/11.3.1/../../../../arm-none-eabi/lib/thumb/v7e-m+fp/hard\libc_nano.a(libc_a-findfp.o)
                              C:/ST/STM32CubeIDE_1.14.1/STM32CubeIDE/plugins/com.st.stm32cube.ide.mcu.externaltools.gnu-tools-for-stm32.11.3.rel1.win32_1.1.100.202309141235/tools/bin/../lib/gcc/arm-none-eabi/11.3.1/../../../../arm-none-eabi/lib/thumb/v7e-m+fp/hard\libc_nano.a(libc_a-exit.o) (__stdio_exit_handler)
C:/ST/STM32CubeIDE_1.14.1/STM32CubeIDE/plugins/com.st.stm32cube.ide.mcu.externaltools.gnu-tools-for-stm32.11.3.rel1.win32_1.1.100.202309141235/tools/bin/../lib/gcc/arm-none-eabi/11.3.1/../../../../arm-none-eabi/lib/thumb/v7e-m+fp/hard\libc_nano.a(libc_a-fwalk.o)
                              C:/ST/STM32CubeIDE_1.14.1/STM32CubeIDE/plugins/com.st.stm32cube.ide.mcu.externaltools.gnu-tools-for-stm32.11.3.rel1.win32_1.1.100.202309141235/tools/bin/../lib/gcc/arm-none-eabi/11.3.1/../../../../arm-none-eabi/lib/thumb/v7e-m+fp/hard\libc_nano.a(libc_a-findfp.o) (_fwalk_sglue)
C:/ST/STM32CubeIDE_1.14.1/STM32CubeIDE/plugins/com.st.stm32cube.ide.mcu.externaltools.gnu-tools-for-stm32.11.3.rel1.win32_1.1.100.202309141235/tools/bin/../lib/gcc/arm-none-eabi/11.3.1/../../../../arm-none-eabi/lib/thumb/v7e-m+fp/hard\libc_nano.a(libc_a-stdio.o)
                              C:/ST/STM32CubeIDE_1.14.1/STM32CubeIDE/plugins/com.st.stm32cube.ide.mcu.externaltools.gnu-tools-for-stm32.11.3.rel1.win32_1.1.100.202309141235/tools/bin/../lib/gcc/arm-none-eabi/11.3.1/../../../../arm-none-eabi/lib/thumb/v7e-m+fp/hard\libc_nano.a(libc_a-findfp.o) (__sread)
C:/ST/STM32CubeIDE_1.14.1/STM32CubeIDE/plugins/com.st.stm32cube.ide.mcu.externaltools.gnu-tools-for-stm32.11.3.rel1.win32_1.1.100.202309141235/tools/bin/../lib/gcc/arm-none-eabi/11.3.1/../../../../arm-none-eabi/lib/thumb/v7e-m+fp/hard\libc_nano.a(libc_a-memset.o)
                              C:/ST/STM32CubeIDE_1.14.1/STM32CubeIDE/plugins/com.st.stm32cube.ide.mcu.externaltools.gnu-tools-for-stm32.11.3.rel1.win32_1.1.100.202309141235/tools/bin/../lib/gcc/arm-none-eabi/11.3.1/../../../../arm-none-eabi/lib/thumb/v7e-m+fp/hard/crt0.o (memset)
C:/ST/STM32CubeIDE_1.14.1/STM32CubeIDE/plugins/com.st.stm32cube.ide.mcu.externaltools.gnu-tools-for-stm32.11.3.rel1.win32_1.1.100.202309141235/tools/bin/../lib/gcc/arm-none-eabi/11.3.1/../../../../arm-none-eabi/lib/thumb/v7e-m+fp/hard\libc_nano.a(libc_a-closer.o)
                              C:/ST/STM32CubeIDE_1.14.1/STM32CubeIDE/plugins/com.st.stm32cube.ide.mcu.externaltools.gnu-tools-for-stm32.11.3.rel1.win32_1.1.100.202309141235/tools/bin/../lib/gcc/arm-none-eabi/11.3.1/../../../../arm-none-eabi/lib/thumb/v7e-m+fp/hard\libc_nano.a(libc_a-stdio.o) (_close_r)
C:/ST/STM32CubeIDE_1.14.1/STM32CubeIDE/plugins/com.st.stm32cube.ide.mcu.externaltools.gnu-tools-for-stm32.11.3.rel1.win32_1.1.100.202309141235/tools/bin/../lib/gcc/arm-none-eabi/11.3.1/../../../../arm-none-eabi/lib/thumb/v7e-m+fp/hard\libc_nano.a(libc_a-reent.o)
                              C:/ST/STM32CubeIDE_1.14.1/STM32CubeIDE/plugins/com.st.stm32cube.ide.mcu.externaltools.gnu-tools-for-stm32.11.3.rel1.win32_1.1.100.202309141235/tools/bin/../lib/gcc/arm-none-eabi/11.3.1/../../../../arm-none-eabi/lib/thumb/v7e-m+fp/hard\libc_nano.a(libc_a-closer.o) (errno)
C:/ST/STM32CubeIDE_1.14.1/STM32CubeIDE/plugins/com.st.stm32cube.ide.mcu.externaltools.gnu-tools-for-stm32.11.3.rel1.win32_1.1.100.202309141235/tools/bin/../lib/gcc/arm-none-eabi/11.3.1/../../../../arm-none-eabi/lib/thumb/v7e-m+fp/hard\libc_nano.a(libc_a-impure.o)
[...]
Memory Configuration

Name             Origin             Length             Attributes
RAM              0x0000000020000000 0x0000000000050000 xrw
FLASH            0x0000000008000000 0x0000000000100000 xr
*default*        0x0000000000000000 0xffffffffffffffff

Linker script and memory map

LOAD C:/ST/STM32CubeIDE_1.14.1/STM32CubeIDE/plugins/com.st.stm32cube.ide.mcu.externaltools.gnu-tools-for-stm32.11.3.rel1.win32_1.1.100.202309141235/tools/bin/../lib/gcc/arm-none-eabi/11.3.1/thumb/v7e-m+fp/hard/crti.o
LOAD C:/ST/STM32CubeIDE_1.14.1/STM32CubeIDE/plugins/com.st.stm32cube.ide.mcu.externaltools.gnu-tools-for-stm32.11.3.rel1.win32_1.1.100.202309141235/tools/bin/../lib/gcc/arm-none-eabi/11.3.1/thumb/v7e-m+fp/hard/crtbegin.o
LOAD C:/ST/STM32CubeIDE_1.14.1/STM32CubeIDE/plugins/com.st.stm32cube.ide.mcu.externaltools.gnu-tools-for-stm32.11.3.rel1.win32_1.1.100.202309141235/tools/bin/../lib/gcc/arm-none-eabi/11.3.1/../../../../arm-none-eabi/lib/thumb/v7e-m+fp/hard/crt0.o
LOAD ./Src/adc.o
LOAD ./Src/audio_processor.o
LOAD ./Src/bsp.o
LOAD ./Src/clock.o
LOAD ./Src/fpu.o
LOAD ./Src/i2s.o
LOAD ./Src/main.o
LOAD ./Src/pdm2pcm.o
LOAD ./Src/syscalls.o
LOAD ./Src/sysmem.o
LOAD ./Src/system_stm32f7xx.o
LOAD ./Src/timebase.o
LOAD ./Src/uart.o
LOAD ./Startup/startup_stm32f746vgtx.o
LOAD C:/Users/ACER/Documents/GitHub/Firmware-design/stm32_project/12_pdm_audio_processing\Middlewares\ST\STM32_Audio\Addons\PDM\Lib\libPDMFilter_CM7_GCC_wc32.a
START GROUP
LOAD C:/ST/STM32CubeIDE_1.14.1/STM32CubeIDE/plugins/com.st.stm32cube.ide.mcu.externaltools.gnu-tools-for-stm32.11.3.rel1.win32_1.1.100.202309141235/tools/bin/../lib/gcc/arm-none-eabi/11.3.1/../../../../arm-none-eabi/lib/thumb/v7e-m+fp/hard\libc_nano.a
LOAD C:/ST/STM32CubeIDE_1.14.1/STM32CubeIDE/plugins/com.st.stm32cube.ide.mcu.externaltools.gnu-tools-for-stm32.11.3.rel1.win32_1.1.100.202309141235/tools/bin/../lib/gcc/arm-none-eabi/11.3.1/../../../../arm-none-eabi/lib/thumb/v7e-m+fp/hard\libm.a
END GROUP
START GROUP
LOAD C:/ST/STM32CubeIDE_1.14.1/STM32CubeIDE/plugins/com.st.stm32cube.ide.mcu.externaltools.gnu-tools-for-stm32.11.3.rel1.win32_1.1.100.202309141235/tools/bin/../lib/gcc/arm-none-eabi/11.3.1/thumb/v7e-m+fp/hard\libgcc.a
LOAD C:/ST/STM32CubeIDE_1.14.1/STM32CubeIDE/plugins/com.st.stm32cube.ide.mcu.externaltools.gnu-tools-for-stm32.11.3.rel1.win32_1.1.100.202309141235/tools/bin/../lib/gcc/arm-none-eabi/11.3.1/../../../../arm-none-eabi/lib/thumb/v7e-m+fp/hard\libc_nano.a
END GROUP
START GROUP
LOAD C:/ST/STM32CubeIDE_1.14.1/STM32CubeIDE/plugins/com.st.stm32cube.ide.mcu.externaltools.gnu-tools-for-stm32.11.3.rel1.win32_1.1.100.202309141235/tools/bin/../lib/gcc/arm-none-eabi/11.3.1/thumb/v7e-m+fp/hard\libgcc.a
LOAD C:/ST/STM32CubeIDE_1.14.1/STM32CubeIDE/plugins/com.st.stm32cube.ide.mcu.externaltools.gnu-tools-for-stm32.11.3.rel1.win32_1.1.100.202309141235/tools/bin/../lib/gcc/arm-none-eabi/11.3.1/../../../../arm-none-eabi/lib/thumb/v7e-m+fp/hard\libc_nano.a
LOAD C:/ST/STM32CubeIDE_1.14.1/STM32CubeIDE/plugins/com.st.stm32cube.ide.mcu.externaltools.gnu-tools-for-stm32.11.3.rel1.win32_1.1.100.202309141235/tools/bin/../lib/gcc/arm-none-eabi/11.3.1/../../../../arm-none-eabi/lib/thumb/v7e-m+fp/hard\libnosys.a
END GROUP
START GROUP
LOAD C:/ST/STM32CubeIDE_1.14.1/STM32CubeIDE/plugins/com.st.stm32cube.ide.mcu.externaltools.gnu-tools-for-stm32.11.3.rel1.win32_1.1.100.202309141235/tools/bin/../lib/gcc/arm-none-eabi/11.3.1/thumb/v7e-m+fp/hard\libgcc.a
LOAD C:/ST/STM32CubeIDE_1.14.1/STM32CubeIDE/plugins/com.st.stm32cube.ide.mcu.externaltools.gnu-tools-for-stm32.11.3.rel1.win32_1.1.100.202309141235/tools/bin/../lib/gcc/arm-none-eabi/11.3.1/../../../../arm-none-eabi/lib/thumb/v7e-m+fp/hard\libc_nano.a
LOAD C:/ST/STM32CubeIDE_1.14.1/STM32CubeIDE/plugins/com.st.stm32cube.ide.mcu.externaltools.gnu-tools-for-stm32.11.3.rel1.win32_1.1.100.202309141235/tools/bin/../lib/gcc/arm-none-eabi/11.3.1/../../../../arm-none-eabi/lib/thumb/v7e-m+fp/hard\libnosys.a
END GROUP
LOAD C:/ST/STM32CubeIDE_1.14.1/STM32CubeIDE/plugins/com.st.stm32cube.ide.mcu.externaltools.gnu-tools-for-stm32.11.3.rel1.win32_1.1.100.202309141235/tools/bin/../lib/gcc/arm-none-eabi/11.3.1/thumb/v7e-m+fp/hard/crtend.o
LOAD C:/ST/STM32CubeIDE_1.14.1/STM32CubeIDE/plugins/com.st.stm32cube.ide.mcu.externaltools.gnu-tools-for-stm32.11.3.rel1.win32_1.1.100.202309141235/tools/bin/../lib/gcc/arm-none-eabi/11.3.1/thumb/v7e-m+fp/hard/crtn.o
                0x0000000020050000                _estack = (ORIGIN (RAM) + LENGTH (RAM))
                0x0000000000000200                _Min_Heap_Size = 0x200
                0x0000000000000400                _Min_Stack_Size = 0x400

.isr_vector     0x0000000008000000      0x1c8
                0x0000000008000000                . = ALIGN (0x4)
 *(.isr_vector)
 .isr_vector    0x0000000008000000      0x1c8 ./Startup/startup_stm32f746vgtx.o
                0x0000000008000000                g_pfnVectors
                0x00000000080001c8                . = ALIGN (0x4)

.text           0x00000000080001c8      0x190
                0x00000000080001c8                . = ALIGN (0x4)
 *(.text)
 .text          0x00000000080001c8       0x40 C:/ST/STM32CubeIDE_1.14.1/STM32CubeIDE/plugins/com.st.stm32cube.ide.mcu.externaltools.gnu-tools-for-stm32.11.3.rel1.win32_1.1.100.202309141235/tools/bin/../lib/gcc/arm-none-eabi/11.3.1/thumb/v7e-m+fp/hard/crtbegin.o
 *(.text*)
 .text.main     0x0000000008000208        0x6 ./Src/main.o
                0x0000000008000208                main
 *fill*         0x000000000800020e        0x2 
 .text.SystemInit
                0x0000000008000210       0x6c ./Src/system_stm32f7xx.o
                0x0000000008000210                SystemInit
 .text.tick_increment
                0x000000000800027c       0x1c ./Src/timebase.o
                0x000000000800027c                tick_increment
 .text.SysTick_Handler
                0x0000000008000298        0xc ./Src/timebase.o
                0x0000000008000298                SysTick_Handler
 .text.Reset_Handler
                0x00000000080002a4       0x50 ./Startup/startup_stm32f746vgtx.o
                0x00000000080002a4                Reset_Handler
 .text.Default_Handler
                0x00000000080002f4        0x2 ./Startup/startup_stm32f746vgtx.o
                0x00000000080002f4                HASH_RNG_IRQHandler
                0x00000000080002f4                EXTI2_IRQHandler
                0x00000000080002f4                TIM8_CC_IRQHandler
                0x00000000080002f4                DebugMon_Handler
                0x00000000080002f4                UART8_IRQHandler
                0x00000000080002f4                SPI4_IRQHandler
                0x00000000080002f4                TIM1_CC_IRQHandler
                0x00000000080002f4                QuadSPI_IRQHandler
                0x00000000080002f4                DMA2_Stream5_IRQHandler
                0x00000000080002f4                HardFault_Handler
                0x00000000080002f4                DMA1_Stream5_IRQHandler
                0x00000000080002f4                PVD_IRQHandler
                0x00000000080002f4                TAMP_STAMP_IRQHandler
                0x00000000080002f4                PendSV_Handler
                0x00000000080002f4                NMI_Handler
                0x00000000080002f4                CAN2_RX1_IRQHandler
                0x00000000080002f4                EXTI3_IRQHandler
                0x00000000080002f4                TIM8_TRG_COM_TIM14_IRQHandler
                0x00000000080002f4                TIM1_UP_TIM10_IRQHandler
                0x00000000080002f4                TIM8_UP_TIM13_IRQHandler
                0x00000000080002f4                I2C3_ER_IRQHandler
                0x00000000080002f4                LCD_TFT_IRQHandler
                0x00000000080002f4                EXTI0_IRQHandler
                0x00000000080002f4                I2C2_EV_IRQHandler
                0x00000000080002f4                DMA1_Stream2_IRQHandler
                0x00000000080002f4                CAN1_RX0_IRQHandler
                0x00000000080002f4                OTG_HS_WKUP_IRQHandler
                0x00000000080002f4                UsageFault_Handler
                0x00000000080002f4                LTDC_ER_IRQHandler
                0x00000000080002f4                CAN2_SCE_IRQHandler
                0x00000000080002f4                DMA2_Stream2_IRQHandler
                0x00000000080002f4                SPI1_IRQHandler
                0x00000000080002f4                TIM6_DAC_IRQHandler
                0x00000000080002f4                TIM1_BRK_TIM9_IRQHandler
                0x00000000080002f4                DCMI_IRQHandler
                0x00000000080002f4                CAN2_RX0_IRQHandler
                0x00000000080002f4                DMA2_Stream3_IRQHandler
                0x00000000080002f4                RTC_ALARM_IRQHandler
                0x00000000080002f4                SAI2_IRQHandler
                0x00000000080002f4                USART6_IRQHandler
                0x00000000080002f4                USART3_IRQHandler
                0x00000000080002f4                CRYP_IRQHandler
                0x00000000080002f4                CAN1_RX1_IRQHandler
                0x00000000080002f4                UART5_IRQHandler
                0x00000000080002f4                DMA2_Stream0_IRQHandler
                0x00000000080002f4                TIM4_IRQHandler
                0x00000000080002f4                I2C1_EV_IRQHandler
                0x00000000080002f4                HDMI_CEC_IRQHandler
                0x00000000080002f4                DMA1_Stream6_IRQHandler
                0x00000000080002f4                DMA1_Stream1_IRQHandler
                0x00000000080002f4                UART4_IRQHandler
                0x00000000080002f4                TIM3_IRQHandler
                0x00000000080002f4                RCC_IRQHandler
                0x00000000080002f4                TIM8_BRK_TIM12_IRQHandler
                0x00000000080002f4                Default_Handler
                0x00000000080002f4                EXTI15_10_IRQHandler
                0x00000000080002f4                ADC_IRQHandler
                0x00000000080002f4                DMA1_Stream7_IRQHandler
                0x00000000080002f4                SPI5_IRQHandler
                0x00000000080002f4                LPTimer1_IRQHandler
                0x00000000080002f4                TIM7_IRQHandler
                0x00000000080002f4                SDMMC1_IRQHandler
                0x00000000080002f4                CAN2_TX_IRQHandler
                0x00000000080002f4                TIM5_IRQHandler
                0x00000000080002f4                DMA2_Stream7_IRQHandler
                0x00000000080002f4                I2C3_EV_IRQHandler
                0x00000000080002f4                EXTI9_5_IRQHandler
                0x00000000080002f4                RTC_WKUP_IRQHandler
                0x00000000080002f4                ETH_WKUP_IRQHandler
                0x00000000080002f4                SPI2_IRQHandler
                0x00000000080002f4                OTG_HS_EP1_IN_IRQHandler
                0x00000000080002f4                MemManage_Handler
                0x00000000080002f4                DMA1_Stream0_IRQHandler
                0x00000000080002f4                CAN1_TX_IRQHandler
                0x00000000080002f4                SVC_Handler
                0x00000000080002f4                EXTI4_IRQHandler
                0x00000000080002f4                ETH_IRQHandler
                0x00000000080002f4                OTG_HS_EP1_OUT_IRQHandler
                0x00000000080002f4                WWDG_IRQHandler
                0x00000000080002f4                SPI6_IRQHandler
                0x00000000080002f4                I2C4_EV_IRQHandler
                0x00000000080002f4                TIM2_IRQHandler
                0x00000000080002f4                OTG_FS_WKUP_IRQHandler
                0x00000000080002f4                TIM1_TRG_COM_TIM11_IRQHandler
                0x00000000080002f4                OTG_HS_IRQHandler
                0x00000000080002f4                DMA2D_IRQHandler
                0x00000000080002f4                EXTI1_IRQHandler
                0x00000000080002f4                UART7_IRQHandler
                0x00000000080002f4                USART2_IRQHandler
                0x00000000080002f4                I2C2_ER_IRQHandler
                0x00000000080002f4                SPDIFRX_IRQHandler
                0x00000000080002f4                DMA2_Stream1_IRQHandler
                0x00000000080002f4                CAN1_SCE_IRQHandler
                0x00000000080002f4                FLASH_IRQHandler
                0x00000000080002f4                DMA2_Stream4_IRQHandler
                0x00000000080002f4                BusFault_Handler
                0x00000000080002f4                USART1_IRQHandler
                0x00000000080002f4                OTG_FS_IRQHandler
                0x00000000080002f4                SPI3_IRQHandler
                0x00000000080002f4                DMA1_Stream4_IRQHandler
                0x00000000080002f4                I2C1_ER_IRQHandler
                0x00000000080002f4                FMC_IRQHandler
                0x00000000080002f4                I2C4_ER_IRQHandler
                0x00000000080002f4                DMA2_Stream6_IRQHandler
                0x00000000080002f4                SAI1_IRQHandler
                0x00000000080002f4                DMA1_Stream3_IRQHandler
 *fill*         0x00000000080002f6        0x2 
 .text.__libc_init_array
                0x00000000080002f8       0x48 C:/ST/STM32CubeIDE_1.14.1/STM32CubeIDE/plugins/com.st.stm32cube.ide.mcu.externaltools.gnu-tools-for-stm32.11.3.rel1.win32_1.1.100.202309141235/tools/bin/../lib/gcc/arm-none-eabi/11.3.1/../../../../arm-none-eabi/lib/thumb/v7e-m+fp/hard\libc_nano.a(libc_a-init.o)
                0x00000000080002f8                __libc_init_array
 *(.glue_7)
 .glue_7        0x0000000008000340        0x0 linker stubs
 *(.glue_7t)
 .glue_7t       0x0000000008000340        0x0 linker stubs
 *(.eh_frame)
 .eh_frame      0x0000000008000340        0x0 C:/ST/STM32CubeIDE_1.14.1/STM32CubeIDE/plugins/com.st.stm32cube.ide.mcu.externaltools.gnu-tools-for-stm32.11.3.rel1.win32_1.1.100.202309141235/tools/bin/../lib/gcc/arm-none-eabi/11.3.1/thumb/v7e-m+fp/hard/crtbegin.o
 *(.init)
 .init          0x0000000008000340        0x4 C:/ST/STM32CubeIDE_1.14.1/STM32CubeIDE/plugins/com.st.stm32cube.ide.mcu.externaltools.gnu-tools-for-stm32.11.3.rel1.win32_1.1.100.202309141235/tools/bin/../lib/gcc/arm-none-eabi/11.3.1/thumb/v7e-m+fp/hard/crti.o
                0x0000000008000340                _init
 .init          0x0000000008000344        0x8 C:/ST/STM32CubeIDE_1.14.1/STM32CubeIDE/plugins/com.st.stm32cube.ide.mcu.externaltools.gnu-tools-for-stm32.11.3.rel1.win32_1.1.100.202309141235/tools/bin/../lib/gcc/arm-none-eabi/11.3.1/thumb/v7e-m+fp/hard/crtn.o
 *(.fini)
 .fini          0x000000000800034c        0x4 C:/ST/STM32CubeIDE_1.14.1/STM32CubeIDE/plugins/com.st.stm32cube.ide.mcu.externaltools.gnu-tools-for-stm32.11.3.rel1.win32_1.1.100.202309141235/tools/bin/../lib/gcc/arm-none-eabi/11.3.1/thumb/v7e-m+fp/hard/crti.o
                0x000000000800034c                _fini
 .fini          0x0000000008000350        0x8 C:/ST/STM32CubeIDE_1.14.1/STM32CubeIDE/plugins/com.st.stm32cube.ide.mcu.externaltools.gnu-tools-for-stm32.11.3.rel1.win32_1.1.100.202309141235/tools/bin/../lib/gcc/arm-none-eabi/11.3.1/thumb/v7e-m+fp/hard/crtn.o
                0x0000000008000358                . = ALIGN (0x4)
                0x0000000008000358                _etext = .

.vfp11_veneer   0x0000000008000358        0x0
 .vfp11_veneer  0x0000000008000358        0x0 linker stubs

.v4_bx          0x0000000008000358        0x0
 .v4_bx         0x0000000008000358        0x0 linker stubs

.iplt           0x0000000008000358        0x0
 .iplt          0x0000000008000358        0x0 C:/ST/STM32CubeIDE_1.14.1/STM32CubeIDE/plugins/com.st.stm32cube.ide.mcu.externaltools.gnu-tools-for-stm32.11.3.rel1.win32_1.1.100.202309141235/tools/bin/../lib/gcc/arm-none-eabi/11.3.1/thumb/v7e-m+fp/hard/crtbegin.o

.rel.dyn        0x0000000008000358        0x0
 .rel.iplt      0x0000000008000358        0x0 C:/ST/STM32CubeIDE_1.14.1/STM32CubeIDE/plugins/com.st.stm32cube.ide.mcu.externaltools.gnu-tools-for-stm32.11.3.rel1.win32_1.1.100.202309141235/tools/bin/../lib/gcc/arm-none-eabi/11.3.1/thumb/v7e-m+fp/hard/crtbegin.o

.rodata         0x0000000008000358        0x0
                0x0000000008000358                . = ALIGN (0x4)
 *(.rodata)
 *(.rodata*)
                0x0000000008000358                . = ALIGN (0x4)

.ARM.extab      0x0000000008000358        0x0
                0x0000000008000358                . = ALIGN (0x4)
 *(.ARM.extab* .gnu.linkonce.armextab.*)
                0x0000000008000358                . = ALIGN (0x4)

.ARM            0x0000000008000358        0x0
                0x0000000008000358                . = ALIGN (0x4)
                0x0000000008000358                __exidx_start = .
 *(.ARM.exidx*)
                0x0000000008000358                __exidx_end = .
                0x0000000008000358                . = ALIGN (0x4)

.preinit_array  0x0000000008000358        0x0
                0x0000000008000358                . = ALIGN (0x4)
                0x0000000008000358                PROVIDE (__preinit_array_start = .)
 *(.preinit_array*)
                0x0000000008000358                PROVIDE (__preinit_array_end = .)
                0x0000000008000358                . = ALIGN (0x4)

.init_array     0x0000000008000358        0x4
                0x0000000008000358                . = ALIGN (0x4)
                0x0000000008000358                PROVIDE (__init_array_start = .)
 *(SORT_BY_NAME(.init_array.*))
 *(.init_array*)
 .init_array    0x0000000008000358        0x4 C:/ST/STM32CubeIDE_1.14.1/STM32CubeIDE/plugins/com.st.stm32cube.ide.mcu.externaltools.gnu-tools-for-stm32.11.3.rel1.win32_1.1.100.202309141235/tools/bin/../lib/gcc/arm-none-eabi/11.3.1/thumb/v7e-m+fp/hard/crtbegin.o
                0x000000000800035c                PROVIDE (__init_array_end = .)
                0x000000000800035c                . = ALIGN (0x4)

.fini_array     0x000000000800035c        0x4
                0x000000000800035c                . = ALIGN (0x4)
                [!provide]                        PROVIDE (__fini_array_start = .)
 *(SORT_BY_NAME(.fini_array.*))
 *(.fini_array*)
 .fini_array    0x000000000800035c        0x4 C:/ST/STM32CubeIDE_1.14.1/STM32CubeIDE/plugins/com.st.stm32cube.ide.mcu.externaltools.gnu-tools-for-stm32.11.3.rel1.win32_1.1.100.202309141235/tools/bin/../lib/gcc/arm-none-eabi/11.3.1/thumb/v7e-m+fp/hard/crtbegin.o
                [!provide]                        PROVIDE (__fini_array_end = .)
                0x0000000008000360                . = ALIGN (0x4)
                0x0000000008000360                _sidata = LOADADDR (.data)

.data           0x0000000020000000        0x0 load address 0x0000000008000360
                0x0000000020000000                . = ALIGN (0x4)
                0x0000000020000000                _sdata = .
 *(.data)
 *(.data*)
 *(.RamFunc)
 *(.RamFunc*)
                0x0000000020000000                . = ALIGN (0x4)
                0x0000000020000000                _edata = .

.igot.plt       0x0000000020000000        0x0 load address 0x0000000008000360
 .igot.plt      0x0000000020000000        0x0 C:/ST/STM32CubeIDE_1.14.1/STM32CubeIDE/plugins/com.st.stm32cube.ide.mcu.externaltools.gnu-tools-for-stm32.11.3.rel1.win32_1.1.100.202309141235/tools/bin/../lib/gcc/arm-none-eabi/11.3.1/thumb/v7e-m+fp/hard/crtbegin.o
                0x0000000020000000                . = ALIGN (0x4)

.bss            0x0000000020000000       0x20 load address 0x0000000008000360
                0x0000000020000000                _sbss = .
                0x0000000020000000                __bss_start__ = _sbss
 *(.bss)
 .bss           0x0000000020000000       0x1c C:/ST/STM32CubeIDE_1.14.1/STM32CubeIDE/plugins/com.st.stm32cube.ide.mcu.externaltools.gnu-tools-for-stm32.11.3.rel1.win32_1.1.100.202309141235/tools/bin/../lib/gcc/arm-none-eabi/11.3.1/thumb/v7e-m+fp/hard/crtbegin.o
 *(.bss*)
 .bss.g_curr_tick
                0x000000002000001c        0x4 ./Src/timebase.o
                0x000000002000001c                g_curr_tick
 *(COMMON)
                0x0000000020000020                . = ALIGN (0x4)
                0x0000000020000020                _ebss = .
                0x0000000020000020                __bss_end__ = _ebss

._user_heap_stack
                0x0000000020000020      0x600 load address 0x0000000008000360
                0x0000000020000020                . = ALIGN (0x8)
                [!provide]                        PROVIDE (end = .)
                0x0000000020000020                PROVIDE (_end = .)
                0x0000000020000220                . = (. + _Min_Heap_Size)
 *fill*         0x0000000020000020      0x200 
                0x0000000020000620                . = (. + _Min_Stack_Size)
 *fill*         0x0000000020000220      0x400 
                0x0000000020000620                . = ALIGN (0x8)

/DISCARD/
 libc.a(*)
 libm.a(*)
 libgcc.a(*)

.ARM.attributes
                0x0000000000000000       0x30
 *(.ARM.attributes)
 .ARM.attributes
                0x0000000000000000       0x1e C:/ST/STM32CubeIDE_1.14.1/STM32CubeIDE/plugins/com.st.stm32cube.ide.mcu.externaltools.gnu-tools-for-stm32.11.3.rel1.win32_1.1.100.202309141235/tools/bin/../lib/gcc/arm-none-eabi/11.3.1/thumb/v7e-m+fp/hard/crti.o
 .ARM.attributes
                0x000000000000001e       0x34 C:/ST/STM32CubeIDE_1.14.1/STM32CubeIDE/plugins/com.st.stm32cube.ide.mcu.externaltools.gnu-tools-for-stm32.11.3.rel1.win32_1.1.100.202309141235/tools/bin/../lib/gcc/arm-none-eabi/11.3.1/thumb/v7e-m+fp/hard/crtbegin.o
 .ARM.attributes
                0x0000000000000052       0x34 ./Src/main.o
 .ARM.attributes
                0x0000000000000086       0x34 ./Src/system_stm32f7xx.o
 .ARM.attributes
                0x00000000000000ba       0x34 ./Src/timebase.o
 .ARM.attributes
                0x00000000000000ee       0x21 ./Startup/startup_stm32f746vgtx.o
 .ARM.attributes
                0x000000000000010f       0x34 C:/ST/STM32CubeIDE_1.14.1/STM32CubeIDE/plugins/com.st.stm32cube.ide.mcu.externaltools.gnu-tools-for-stm32.11.3.rel1.win32_1.1.100.202309141235/tools/bin/../lib/gcc/arm-none-eabi/11.3.1/../../../../arm-none-eabi/lib/thumb/v7e-m+fp/hard\libc_nano.a(libc_a-init.o)
 .ARM.attributes
                0x0000000000000143       0x1e C:/ST/STM32CubeIDE_1.14.1/STM32CubeIDE/plugins/com.st.stm32cube.ide.mcu.externaltools.gnu-tools-for-stm32.11.3.rel1.win32_1.1.100.202309141235/tools/bin/../lib/gcc/arm-none-eabi/11.3.1/thumb/v7e-m+fp/hard/crtn.o
OUTPUT(12_pdm_audio_processing.elf elf32-littlearm)
LOAD linker stubs
LOAD C:/ST/STM32CubeIDE_1.14.1/STM32CubeIDE/plugins/com.st.stm32cube.ide.mcu.externaltools.gnu-tools-for-stm32.11.3.rel1.win32_1.1.100.202309141235/tools/bin/../lib/gcc/arm-none-eabi/11.3.1/../../../../arm-none-eabi/lib/thumb/v7e-m+fp/hard\libc.a
LOAD C:/ST/STM32CubeIDE_1.14.1/STM32CubeIDE/plugins/com.st.stm32cube.ide.mcu.externaltools.gnu-tools-for-stm32.11.3.rel1.win32_1.1.100.202309141235/tools/bin/../lib/gcc/arm-none-eabi/11.3.1/../../../../arm-none-eabi/lib/thumb/v7e-m+fp/hard\libm.a
LOAD C:/ST/STM32CubeIDE_1.14.1/STM32CubeIDE/plugins/com.st.stm32cube.ide.mcu.externaltools.gnu-tools-for-stm32.11.3.rel1.win32_1.1.100.202309141235/tools/bin/../lib/gcc/arm-none-eabi/11.3.1/thumb/v7e-m+fp/hard\libgcc.a

.comment        0x0000000000000000       0x43
 .comment       0x0000000000000000       0x43 C:/ST/STM32CubeIDE_1.14.1/STM32CubeIDE/plugins/com.st.stm32cube.ide.mcu.externaltools.gnu-tools-for-stm32.11.3.rel1.win32_1.1.100.202309141235/tools/bin/../lib/gcc/arm-none-eabi/11.3.1/thumb/v7e-m+fp/hard/crtbegin.o
                                         0x44 (size before relaxing)
 .comment       0x0000000000000043       0x44 ./Src/main.o
 .comment       0x0000000000000043       0x44 ./Src/system_stm32f7xx.o
 .comment       0x0000000000000043       0x44 ./Src/timebase.o

.debug_info     0x0000000000000000      0x934
 .debug_info    0x0000000000000000       0xa0 ./Src/main.o
 .debug_info    0x00000000000000a0      0x693 ./Src/system_stm32f7xx.o
 .debug_info    0x0000000000000733      0x1de ./Src/timebase.o
 .debug_info    0x0000000000000911       0x23 ./Startup/startup_stm32f746vgtx.o

.debug_abbrev   0x0000000000000000      0x2db
 .debug_abbrev  0x0000000000000000       0x5e ./Src/main.o
 .debug_abbrev  0x000000000000005e       0xfb ./Src/system_stm32f7xx.o
 .debug_abbrev  0x0000000000000159      0x170 ./Src/timebase.o
 .debug_abbrev  0x00000000000002c9       0x12 ./Startup/startup_stm32f746vgtx.o

.debug_aranges  0x0000000000000000       0xb0
 .debug_aranges
                0x0000000000000000       0x28 ./Src/main.o
 .debug_aranges
                0x0000000000000028       0x20 ./Src/system_stm32f7xx.o
 .debug_aranges
                0x0000000000000048       0x40 ./Src/timebase.o
 .debug_aranges
                0x0000000000000088       0x28 ./Startup/startup_stm32f746vgtx.o

.debug_rnglists
                0x0000000000000000       0x70
 .debug_rnglists
                0x0000000000000000       0x19 ./Src/main.o
 .debug_rnglists
                0x0000000000000019       0x13 ./Src/system_stm32f7xx.o
 .debug_rnglists
                0x000000000000002c       0x2b ./Src/timebase.o
 .debug_rnglists
                0x0000000000000057       0x19 ./Startup/startup_stm32f746vgtx.o

.debug_macro    0x0000000000000000      0x531
 .debug_macro   0x0000000000000000      0x1b5 ./Src/main.o
 .debug_macro   0x00000000000001b5      0x1a7 ./Src/system_stm32f7xx.o
 .debug_macro   0x000000000000035c      0x1d5 ./Src/timebase.o

.debug_line     0x0000000000000000     0x19c9
 .debug_line    0x0000000000000000      0x82d ./Src/main.o
 .debug_line    0x000000000000082d      0x837 ./Src/system_stm32f7xx.o
 .debug_line    0x0000000000001064      0x8ea ./Src/timebase.o
 .debug_line    0x000000000000194e       0x7b ./Startup/startup_stm32f746vgtx.o

.debug_str      0x0000000000000000    0xd96a0
 .debug_str     0x0000000000000000    0xd9288 ./Src/main.o
                                      0xd992a (size before relaxing)
 .debug_str     0x00000000000d9288      0x2ac ./Src/system_stm32f7xx.o
                                      0xd9bba (size before relaxing)
 .debug_str     0x00000000000d9534      0x13d ./Src/timebase.o
                                      0xd9a53 (size before relaxing)
 .debug_str     0x00000000000d9671       0x2f ./Startup/startup_stm32f746vgtx.o
                                         0x8a (size before relaxing)

.debug_frame    0x0000000000000000      0x154
 .debug_frame   0x0000000000000000       0x48 ./Src/main.o
 .debug_frame   0x0000000000000048       0x30 ./Src/system_stm32f7xx.o
 .debug_frame   0x0000000000000078       0xb0 ./Src/timebase.o
 .debug_frame   0x0000000000000128       0x2c C:/ST/STM32CubeIDE_1.14.1/STM32CubeIDE/plugins/com.st.stm32cube.ide.mcu.externaltools.gnu-tools-for-stm32.11.3.rel1.win32_1.1.100.202309141235/tools/bin/../lib/gcc/arm-none-eabi/11.3.1/../../../../arm-none-eabi/lib/thumb/v7e-m+fp/hard\libc_nano.a(libc_a-init.o)

.debug_line_str
                0x0000000000000000       0x7e
 .debug_line_str
                0x0000000000000000       0x7e ./Startup/startup_stm32f746vgtx.o
                                         0x96 (size before relaxing)
